// Jest Snapshot v1, https://goo.gl/fbAQLP

exports[`should render sidebar renders sidebar to screen 1`] = `ShallowWrapper {}`;
